../Core/Src/main.c:35:5:_write	32	static
../Core/Src/main.c:46:6:get_timestamp_string	24	static
../Core/Src/main.c:94:5:main	104	static
../Core/Src/main.c:168:6:SystemClock_Config	88	static
../Core/Src/main.c:214:6:HAL_UART_TxCpltCallback	16	static
../Core/Src/main.c:231:6:HAL_UARTEx_RxEventCallback	16	static
../Core/Src/main.c:245:13:main_e22_transceiverMode	8	static
../Core/Src/main.c:253:13:main_e22_configurationMode	8	static
../Core/Src/main.c:262:13:main_lora_packet_receive	16	static
../Core/Src/main.c:274:6:Error_Handler	4	static,ignoring_inline_asm
