../Core/Src/main.c:37:5:_write	32	static
../Core/Src/main.c:50:6:get_timestamp_string	24	static
../Core/Src/main.c:98:5:main	96	static
../Core/Src/main.c:177:6:SystemClock_Config	88	static
../Core/Src/main.c:223:6:HAL_UART_TxCpltCallback	16	static
../Core/Src/main.c:240:6:HAL_UARTEx_RxEventCallback	16	static
../Core/Src/main.c:254:13:main_e22_transceiverMode	8	static
../Core/Src/main.c:262:13:main_e22_configurationMode	8	static
../Core/Src/main.c:271:13:main_lora_packet_receive	264	static
../Core/Src/main.c:290:6:Error_Handler	4	static,ignoring_inline_asm
