../Core/Src/main.c:36:5:_write	32	static
../Core/Src/main.c:47:6:get_timestamp_string	24	static
../Core/Src/main.c:93:5:main	16	static
../Core/Src/main.c:157:6:SystemClock_Config	88	static
../Core/Src/main.c:202:6:HAL_UART_TxCpltCallback	16	static
../Core/Src/main.c:215:6:HAL_UARTEx_RxEventCallback	16	static
../Core/Src/main.c:228:13:main_e22_transceiverMode	8	static
../Core/Src/main.c:236:13:main_e22_configurationMode	8	static
../Core/Src/main.c:245:13:main_lora_packet_receive	288	static
../Core/Src/main.c:269:6:Error_Handler	4	static,ignoring_inline_asm
