../Core/Src/main.c:36:5:_write	32	static
../Core/Src/main.c:47:6:get_timestamp_string	24	static
../Core/Src/main.c:93:5:main	80	static
../Core/Src/main.c:160:6:SystemClock_Config	88	static
../Core/Src/main.c:205:6:HAL_UART_TxCpltCallback	16	static
../Core/Src/main.c:214:6:HAL_UARTEx_RxEventCallback	16	static
../Core/Src/main.c:222:13:main_lora_packet_receive	296	static
../Core/Src/main.c:245:13:main_e22_transceiverMode	8	static
../Core/Src/main.c:249:13:main_e22_configurationMode	8	static
../Core/Src/main.c:260:6:Error_Handler	4	static,ignoring_inline_asm
